// Jest Snapshot v1, https://goo.gl/fbAQLP

exports[`users router [POST] /users responds with da new (snapshot) 1`] = `Object {}`;
